[1] "/home/ubuntu/task3/bam/SGNex_A549_directRNA_replicate1_run1.bam"  
[2] "/home/ubuntu/task3/bam/SGNex_Hct116_cDNA_replicate1_run6.bam"     
[3] "/home/ubuntu/task3/bam/SGNex_Hct116_directRNA_replicate6_run1.bam"
[4] "/home/ubuntu/task3/bam/SGNex_K562_cDNA_replicate1_run3.bam"       
[01:48:22] WARNING: ../..//src/collective/../data/../common/error_msg.h:83: If you are loading a serialized model (like pickle in Python, RDS in R) or
configuration generated by an older version of XGBoost, please export the model by calling
`Booster.save_model` from that version first, then load it back in current version. See:

    https://xgboost.readthedocs.io/en/stable/tutorials/saving_model.html

for more details about differences between saving model and serializing.

--- Start generating read class files ---
  |                                                                              |                                                                      |   0%  |                                                                              |==================                                                    |  25%  |                                                                              |===================================                                   |  50%  |                                                                              |====================================================                  |  75%  |                                                                              |======================================================================| 100%

Detected 8 warnings across the samples during read class construction. Access warnings with metadata(bambuOutput)$warnings
--- Start extending annotations ---
Using a novel discovery rate (NDR) of: 0.128
--- Start isoform quantification ---
There is not enough read count and full length coverage!
            Hence degradation rate is estimated using all data!

--- Finished running Bambu ---
bambu runtime: 14.31454 mins 

==== 4.1 show(se) ====
class: RangedSummarizedExperiment 
dim: 201712 4 
metadata(2): incompatibleCounts warnings
assays(4): counts CPM fullLengthCounts uniqueCounts
rownames(201712): BambuTx1 BambuTx2 ... ENST00000642142 ENST00000642143
rowData names(11): TXNAME GENEID ... txid eqClassById
colnames(4): SGNex_A549_directRNA_replicate1_run1
  SGNex_Hct116_cDNA_replicate1_run6
  SGNex_Hct116_directRNA_replicate6_run1
  SGNex_K562_cDNA_replicate1_run3
colData names(1): name
assays: counts, CPM, fullLengthCounts, uniqueCounts 

==== 4.2a ====
novel transcripts: 1402 
  of which in novel genes: 458 
  of which in known genes: 944 
novel genes: 393 

==== 4.2b top 5 genes (total counts, all samples) ====
                        gene_id gene_name total_counts
ENSG00000087086 ENSG00000087086       FTL        22475
ENSG00000137818 ENSG00000137818     RPLP1        19037
ENSG00000034510 ENSG00000034510    TMSB10        18784
ENSG00000198786 ENSG00000198786    MT-ND5        16627
ENSG00000111640 ENSG00000111640     GAPDH        15992
per-sample counts for these genes:
                SGNex_A549_directRNA_replicate1_run1
ENSG00000087086                                 7764
ENSG00000137818                                 2966
ENSG00000034510                                 1870
ENSG00000198786                                 6308
ENSG00000111640                                 3298
                SGNex_Hct116_cDNA_replicate1_run6
ENSG00000087086                              5011
ENSG00000137818                              8495
ENSG00000034510                             13655
ENSG00000198786                                30
ENSG00000111640                              8166
                SGNex_Hct116_directRNA_replicate6_run1
ENSG00000087086                                      0
ENSG00000137818                                      2
ENSG00000034510                                      0
ENSG00000198786                                      0
ENSG00000111640                                      1
                SGNex_K562_cDNA_replicate1_run3
ENSG00000087086                            9700
ENSG00000137818                            7574
ENSG00000034510                            3259
ENSG00000198786                           10289
ENSG00000111640                            4527

==== 4.2c transcripts per gene (all annotations after discovery) ====
              min               max              mean             genes 
              "1"             "193"           "3.437"           "58695" 
      transcripts          max_gene 
         "201712" "ENSG00000109339" 

==== 4.2d transcripts per gene (expressed: total counts >= 10) ====
              min               max              mean             genes 
              "1"              "11"           "1.451"            "9605" 
      transcripts          max_gene 
          "13937" "ENSG00000175061" 

(alternative: >= 10 counts in at least one sample)
              min               max              mean             genes 
              "1"              "10"           "1.373"            "8396" 
      transcripts          max_gene 
          "11531" "ENSG00000175061" 

==== 4.2e single-exon novel transcripts: 0 ====

==== 4.2f ====
transcripts whose counts are all unique reads: 12161 
                             tx         gene_id  gene_name total_counts
ENSG00000087086 ENST00000331825 ENSG00000087086        FTL        22110
ENSG00000034510 ENST00000233143 ENSG00000034510     TMSB10        18632
ENSG00000210082 ENST00000387347 ENSG00000210082    MT-RNR2         8503
ENSG00000137970 ENST00000468715 ENSG00000137970     RPL7P9         3724
ENSG00000264281      BambuTx341 ENSG00000264281 AC016596.1         3299
                unique_counts
ENSG00000087086         22110
ENSG00000034510         18632
ENSG00000210082          8503
ENSG00000137970          3724
ENSG00000264281          3299

==== top novel transcripts ====
                     tx         gene_id  gene_name novelGene
BambuTx63     BambuTx63 ENSG00000220842   RPL21P16     FALSE
BambuTx361   BambuTx361 ENSG00000233913    RPL10P9     FALSE
BambuTx341   BambuTx341 ENSG00000264281 AC016596.1     FALSE
BambuTx201   BambuTx201 ENSG00000104904       OAZ1     FALSE
BambuTx207   BambuTx207 ENSG00000178464   RPL10P16     FALSE
BambuTx367   BambuTx367 ENSG00000212802    RPL15P3     FALSE
BambuTx391   BambuTx391   BambuGene1427       <NA>      TRUE
BambuTx369   BambuTx369 ENSG00000197903  HIST1H2BK     FALSE
BambuTx353   BambuTx353 ENSG00000197744     PTMAP2     FALSE
BambuTx24     BambuTx24 ENSG00000117450      PRDX1     FALSE
BambuTx1120 BambuTx1120 ENSG00000159685     CHCHD6     FALSE
BambuTx385   BambuTx385   BambuGene1403       <NA>      TRUE
BambuTx383   BambuTx383 ENSG00000124733       MEA1     FALSE
BambuTx392   BambuTx392   BambuGene1427       <NA>      TRUE
BambuTx9       BambuTx9 ENSG00000070831      CDC42     FALSE
                                    class n_exons                   coords
BambuTx63                          allNew       2 10:120354641-120355223:-
BambuTx361                         allNew       2  5:168616310-168617082:+
BambuTx341                         allNew       2    5:55944615-55973045:+
BambuTx201                      newWithin       5     19:2269525-2273484:+
BambuTx207                         allNew       2   19:12643177-12643960:-
BambuTx367                         allNew       2    6:12514074-12514797:+
BambuTx391                newGene-spliced       2  6:144923502-144928820:+
BambuTx369                         allNew       2    6:27138293-27146855:-
BambuTx353                         allNew       2  5:118973562-118974820:+
BambuTx24                       newWithin       6    1:45511051-45522856:-
BambuTx1120 newFirstJunction:newFirstExon       3  3:126917804-126960398:+
BambuTx385                newGene-spliced       2    6:89721154-89721826:+
BambuTx383   newFirstJunction:newJunction       4    6:43012227-43013925:-
BambuTx392                newGene-spliced       2  6:144923502-144929987:+
BambuTx9                        newWithin       6    1:22052696-22092940:+
            total_counts full_length SGNex_A549_directRNA_replicate1_run1
BambuTx63         4633.8          15                                355.8
BambuTx361        3497.0         360                                 99.0
BambuTx341        3299.0           7                                401.0
BambuTx201        1863.0        1533                                248.1
BambuTx207        1849.7         163                                 17.3
BambuTx367        1841.9          33                                 93.0
BambuTx391        1114.3        1040                                  3.0
BambuTx369         608.0         563                                 49.0
BambuTx353         606.8          12                                 60.0
BambuTx24          559.3         374                                188.4
BambuTx1120        482.3         406                                  0.0
BambuTx385         451.0         127                                 18.0
BambuTx383         424.0         192                                 17.0
BambuTx392         391.6         386                                  0.0
BambuTx9           360.3         115                                 11.0
            SGNex_Hct116_cDNA_replicate1_run6
BambuTx63                              2114.0
BambuTx361                             1347.0
BambuTx341                               63.0
BambuTx201                              538.8
BambuTx207                              705.7
BambuTx367                              708.9
BambuTx391                             1111.3
BambuTx369                               21.0
BambuTx353                              474.0
BambuTx24                               350.4
BambuTx1120                               0.0
BambuTx385                              113.0
BambuTx383                              188.8
BambuTx392                              391.6
BambuTx9                                 93.5
            SGNex_Hct116_directRNA_replicate6_run1
BambuTx63                                        0
BambuTx361                                       0
BambuTx341                                       0
BambuTx201                                       0
BambuTx207                                       0
BambuTx367                                       0
BambuTx391                                       0
BambuTx369                                       0
BambuTx353                                       0
BambuTx24                                        0
BambuTx1120                                      0
BambuTx385                                       0
BambuTx383                                       0
BambuTx392                                       0
BambuTx9                                         0
            SGNex_K562_cDNA_replicate1_run3
BambuTx63                            2164.0
BambuTx361                           2051.0
BambuTx341                           2835.0
BambuTx201                           1076.2
BambuTx207                           1126.8
BambuTx367                           1040.0
BambuTx391                              0.0
BambuTx369                            538.0
BambuTx353                             72.8
BambuTx24                              20.5
BambuTx1120                           482.3
BambuTx385                            320.0
BambuTx383                            218.1
BambuTx392                              0.0
BambuTx9                              255.7

DONE
